// 重构日志: c4d1f707
// 重构日志: 9108c956
// 同步 ID: 53969a03 @ Wed Jun 24 22:57:01 UTC 2026
// 重构日志: 55d21809
// 重构日志: 92c1b041
// 重构日志: 88d845c7
// 同步 ID: ce94c382 @ Fri Jul 10 17:49:45 UTC 2026
// 同步 ID: ce2a7d5b @ Fri Jul 17 20:41:28 UTC 2026
// 重构日志: 4fea2b67
// 同步 ID: d730f022 @ Sat Jul 18 19:20:17 UTC 2026
// 同步 ID: 73902cca @ Sun Jul 19 07:05:36 UTC 2026
// 重构日志: 731b194a
// 重构日志: 0a8ab543
// 重构日志: f7341283
// 重构日志: 81efabef
// 重构日志: 8679dbd9
// 重构日志: 33d80df8
// 同步 ID: 62c094c8 @ Fri Jul 24 15:02:09 UTC 2026
// 重构日志: acaac070
// 重构日志: 243550b0
// 重构日志: f524fae1
// 重构日志: 550905d2
// 同步 ID: 943c7418 @ Tue Jul 28 18:10:37 UTC 2026
// 重构日志: e9cd8e34
